0001 |MODULE controller3
0002 |TITLE 'Controller3'
0003 |
0004 |DECLARATIONS
0005 |Name DEVICE 'p16v8';
0006 |
0007 |i PIN 2;
0008 |reset PIN 3;
0009 |go PIN 4;
0010 |
0011 |
0012 |c0 PIN 12 ISTYPE 'com';
0013 |c1 PIN 13 ISTYPE 'com';
0014 |
0015 |shiftrs0 PIN 14 ISTYPE 'com';
0016 |shiftrs1 PIN 15 ISTYPE 'com';
0017 |
0018 |
0019 |Q0 PIN 16 ISTYPE 'reg';
0020 |Q1 PIN 17 ISTYPE 'reg';
0021 |Q2 PIN 18 ISTYPE 'reg';
0022 |Q3 PIN 19 ISTYPE 'reg';
0023 |
0024 |
0025 |
0026 |x=.X.;
0027 |
0028 |EQUATIONS
0029 |
0030 |
0031 |TRUTH_TABLE
0032 | (	[reset, go, i, Q3, Q2, Q1, Q0] :> [ Q3,  Q2, Q1, Q0] -> [c0, c1, shiftrs0, shiftrs1])            
0033 |  	[    1,  x, x,  x,  x,  x,  x] :> [  0,   0,  0,  0] -> [ 0,  0,        0,        0];
0034 |	[    0,  1, x,  0,  0,  0,  0] :> [  0,   0,  0,  1] -> [ 0,  0,        1,        1];
0035 |	[    0,  x, 0,  0,  0,  0,  1] :> [  0,   0,  1,  1] -> [ 1,  1,        1,        0];
0036 |	[    0,  x, 1,  0,  0,  0,  1] :> [  0,   0,  1,  0] -> [ 0,  1,        0,        0];
0037 |	[    0,  x, 1,  0,  0,  1,  0] :> [  0,   0,  1,  1] -> [ 1,  1,        1,        0];
0038 |	[    0,  x, 0,  0,  0,  1,  1] :> [  0,   1,  0,  1] -> [ 1,  1,        1,        0];
0039 |	[    0,  x, 1,  0,  0,  1,  1] :> [  0,   1,  0,  0] -> [ 0,  1,        0,        0];
0040 |	[    0,  x, 1,  0,  1,  0,  0] :> [  0,   1,  0,  1] -> [ 1,  1,        1,        0];
0041 |	[    0,  x, 0,  0,  1,  0,  1] :> [  0,   1,  1,  1] -> [ 1,  1,        1,        0];
0042 |	[    0,  x, 1,  0,  1,  0,  1] :> [  0,   1,  1,  0] -> [ 0,  1,        0,        0];
0043 |	[    0,  x, 1,  0,  1,  1,  0] :> [  0,   1,  1,  1] -> [ 1,  1,        1,        0];
0044 |	[    0,  x, 0,  0,  1,  1,  1] :> [  1,   0,  0,  1] -> [ 1,  1,        1,        0];
0045 |	[    0,  x, 1,  0,  1,  1,  1] :> [  1,   0,  0,  0] -> [ 0,  1,        0,        0];
0046 |	[    0,  x, 1,  1,  0,  0,  0] :> [  1,   0,  0,  1] -> [ 1,  1,        1,        0];
0047 |	[    0,  x, x,  1,  0,  0,  1] :> [  1,   0,  0,  1] -> [ 1,  0,        0,        0];
0048 |
0049 |"shiftright 11
0050 |"fin 10 
0051 |"aluadd 01
0052 |"alur 00
0053 |
0054 |
0055 |END